
/home/runner/work/exp-perceptron-dei/exp-perceptron-dei/experiment/simulation/interactive/js/sim1-inside-perceptron.js
  123:15  warning  'weightCol' is assigned a value but never used  no-unused-vars

/home/runner/work/exp-perceptron-dei/exp-perceptron-dei/experiment/simulation/interactive/js/sim2-decision-boundary.js
  101:16  warning  'axOX' is assigned a value but never used  no-unused-vars
  102:16  warning  'axEX' is assigned a value but never used  no-unused-vars
  104:18  warning  'axTY' is assigned a value but never used  no-unused-vars

/home/runner/work/exp-perceptron-dei/exp-perceptron-dei/experiment/simulation/js/data.js
  4:7  warning  'EXPERIMENT_DATA' is assigned a value but never used  no-unused-vars

/home/runner/work/exp-perceptron-dei/exp-perceptron-dei/experiment/simulation/js/main.js
   77:12  warning  'EXPERIMENT_DATA' is not defined   no-undef
  137:46  warning  'index' is defined but never used  no-unused-vars
  184:23  warning  'Chart' is not defined             no-undef
  254:37  warning  'Chart' is not defined             no-undef
  321:45  warning  'Chart' is not defined             no-undef

/home/runner/work/exp-perceptron-dei/exp-perceptron-dei/experiment/simulation/notebook/js/data.js
  4:7  warning  'EXPERIMENT_DATA' is assigned a value but never used  no-unused-vars

/home/runner/work/exp-perceptron-dei/exp-perceptron-dei/experiment/simulation/notebook/js/main.js
   77:12  warning  'EXPERIMENT_DATA' is not defined   no-undef
  137:46  warning  'index' is defined but never used  no-unused-vars
  184:23  warning  'Chart' is not defined             no-undef
  254:37  warning  'Chart' is not defined             no-undef
  321:45  warning  'Chart' is not defined             no-undef

✖ 16 problems (0 errors, 16 warnings)

